$ pnpm --filter @knowledge-tree/contracts-ts check && pnpm --filter @knowledge-tree/web check
$ node scripts/generate.mjs --check && tsc --noEmit --pretty false
$ tsc -b --pretty false && eslint . --max-warnings 0 && vitest run

[1m[30m[46m RUN [49m[39m[22m [36mv4.1.10 [39m[90mE:/知识树 - 副本/apps/web[39m

 [32m✓[39m src/markdown.test.ts [2m([22m[2m3 tests[22m[2m)[22m[32m 6[2mms[22m[39m
 [32m✓[39m src/api.test.ts [2m([22m[2m5 tests[22m[2m)[22m[32m 24[2mms[22m[39m
[90mstderr[2m | src/App.draft.test.tsx
[22m[39mWarning: Please use the `legacy` build in Node.js environments.

[90mstderr[2m | src/App.test.tsx
[22m[39mWarning: Please use the `legacy` build in Node.js environments.

[90mstderr[2m | src/App.answer.test.tsx
[22m[39mWarning: Please use the `legacy` build in Node.js environments.

[90mstderr[2m | src/App.sources.test.tsx
[22m[39mWarning: Please use the `legacy` build in Node.js environments.

[90mstderr[2m | src/App.layout.test.tsx
[22m[39mWarning: Please use the `legacy` build in Node.js environments.

[90mstderr[2m | src/ResourceImport.test.tsx
[22m[39mWarning: Please use the `legacy` build in Node.js environments.

[90mstderr[2m | src/App.lock.test.tsx
[22m[39mWarning: Please use the `legacy` build in Node.js environments.

[90mstderr[2m | src/App.workspaces.test.tsx
[22m[39mWarning: Please use the `legacy` build in Node.js environments.

[90mstderr[2m | src/App.ai-settings.test.tsx
[22m[39mWarning: Please use the `legacy` build in Node.js environments.

[90mstderr[2m | src/App.canvas.test.tsx
[22m[39mWarning: Please use the `legacy` build in Node.js environments.

[90mstderr[2m | src/App.layout2.test.tsx
[22m[39mWarning: Please use the `legacy` build in Node.js environments.

[90mstderr[2m | src/App.persist.test.tsx
[22m[39mWarning: Please use the `legacy` build in Node.js environments.

[90mstderr[2m | src/App.websearch.test.tsx
[22m[39mWarning: Please use the `legacy` build in Node.js environments.

[90mstderr[2m | src/App.edit.test.tsx
[22m[39mWarning: Please use the `legacy` build in Node.js environments.

[90mstderr[2m | src/App.empty.test.tsx
[22m[39mWarning: Please use the `legacy` build in Node.js environments.

[90mstderr[2m | src/PdfViewer.test.tsx
[22m[39mWarning: Please use the `legacy` build in Node.js environments.

[90mstderr[2m | src/App.export.test.tsx
[22m[39mWarning: Please use the `legacy` build in Node.js environments.

[90mstderr[2m | src/App.proposals.test.tsx
[22m[39mWarning: Please use the `legacy` build in Node.js environments.

[90mstderr[2m | src/App.command.test.tsx
[22m[39mWarning: Please use the `legacy` build in Node.js environments.

 [32m✓[39m src/App.canvas.test.tsx [2m([22m[2m3 tests[22m[2m)[22m[33m 366[2mms[22m[39m
 [32m✓[39m src/App.export.test.tsx [2m([22m[2m1 test[22m[2m)[22m[33m 539[2mms[22m[39m
     [33m[2m✓[22m[39m opens the graph image download URL [33m 537[2mms[22m[39m
 [32m✓[39m src/App.answer.test.tsx [2m([22m[2m1 test[22m[2m)[22m[33m 789[2mms[22m[39m
     [33m[2m✓[22m[39m shows a question box and renders the answer with clickable sources [33m 787[2mms[22m[39m
 [32m✓[39m src/App.workspaces.test.tsx [2m([22m[2m2 tests[22m[2m)[22m[33m 961[2mms[22m[39m
     [33m[2m✓[22m[39m lists courses and creates a new one via the factory [33m 667[2mms[22m[39m
 [32m✓[39m src/App.ai-settings.test.tsx [2m([22m[2m2 tests[22m[2m)[22m[33m 1041[2mms[22m[39m
     [33m[2m✓[22m[39m opens the settings dialog and saves a key [33m 809[2mms[22m[39m
 [32m✓[39m src/App.layout.test.tsx [2m([22m[2m3 tests[22m[2m)[22m[33m 1167[2mms[22m[39m
     [33m[2m✓[22m[39m shows the AI answer output inside the right column [33m 692[2mms[22m[39m
     [33m[2m✓[22m[39m hides and shows the sidebar [33m 365[2mms[22m[39m
 [32m✓[39m src/ResourceImport.test.tsx [2m([22m[2m4 tests[22m[2m)[22m[33m 1198[2mms[22m[39m
     [33m[2m✓[22m[39m opens a markdown resource in the text viewer [33m 557[2mms[22m[39m
 [32m✓[39m src/App.proposals.test.tsx [2m([22m[2m4 tests[22m[2m)[22m[33m 1259[2mms[22m[39m
     [33m[2m✓[22m[39m lists pending proposals from external AI clients [33m 500[2mms[22m[39m
     [33m[2m✓[22m[39m accepts a proposal through the API and refreshes the graph [33m 407[2mms[22m[39m
 [32m✓[39m src/App.websearch.test.tsx [2m([22m[2m3 tests[22m[2m)[22m[33m 1360[2mms[22m[39m
     [33m[2m✓[22m[39m saves a web search provider key from the settings dialog [33m 751[2mms[22m[39m
     [33m[2m✓[22m[39m generates a topic draft from web sources and shows them [33m 355[2mms[22m[39m
 [32m✓[39m src/App.empty.test.tsx [2m([22m[2m4 tests[22m[2m)[22m[33m 1447[2mms[22m[39m
     [33m[2m✓[22m[39m renders an empty-state guide instead of crashing when the saved graph has no nodes [33m 400[2mms[22m[39m
     [33m[2m✓[22m[39m recovers from an empty graph by adding a root concept from the guide [33m 430[2mms[22m[39m
     [33m[2m✓[22m[39m does not crash when deleting the last remaining node [33m 385[2mms[22m[39m
 [32m✓[39m src/App.edit.test.tsx [2m([22m[2m6 tests[22m[2m)[22m[33m 1450[2mms[22m[39m
     [33m[2m✓[22m[39m adds a free concept block without a parent edge [33m 539[2mms[22m[39m
 [32m✓[39m src/PdfViewer.test.tsx [2m([22m[2m3 tests[22m[2m)[22m[33m 1575[2mms[22m[39m
     [33m[2m✓[22m[39m opens a resource in the page-text viewer [33m 756[2mms[22m[39m
     [33m[2m✓[22m[39m shows a jump-to-source button and jumps to the anchored page [33m 507[2mms[22m[39m
     [33m[2m✓[22m[39m shows a drift warning instead of a wrong jump [33m 311[2mms[22m[39m
 [32m✓[39m src/App.command.test.tsx [2m([22m[2m3 tests[22m[2m)[22m[33m 1584[2mms[22m[39m
     [33m[2m✓[22m[39m interprets a command and shows a preview with accept/reject [33m 765[2mms[22m[39m
     [33m[2m✓[22m[39m accept flips confirmed and reject never applies [33m 673[2mms[22m[39m
 [32m✓[39m src/PdfRender.test.tsx [2m([22m[2m2 tests[22m[2m)[22m[33m 1655[2mms[22m[39m
     [33m[2m✓[22m[39m opens a PDF in the rendered view with a canvas [33m 1164[2mms[22m[39m
     [33m[2m✓[22m[39m highlights a bbox anchor on the rendered page [33m 488[2mms[22m[39m
 [32m✓[39m src/App.layout2.test.tsx [2m([22m[2m3 tests[22m[2m)[22m[33m 1636[2mms[22m[39m
     [33m[2m✓[22m[39m stacks children below a centered parent with even, non-cramped spacing [33m 987[2mms[22m[39m
     [33m[2m✓[22m[39m moves isolated nodes to a bottom row below the tree [33m 384[2mms[22m[39m
 [32m✓[39m src/App.sources.test.tsx [2m([22m[2m5 tests[22m[2m)[22m[33m 1706[2mms[22m[39m
     [33m[2m✓[22m[39m shows web links stored on the node and opens them on click [33m 758[2mms[22m[39m
     [33m[2m✓[22m[39m lists document anchors from the concept and jumps into the viewer [33m 461[2mms[22m[39m
 [32m✓[39m src/App.draft.test.tsx [2m([22m[2m6 tests[22m[2m)[22m[33m 1928[2mms[22m[39m
     [33m[2m✓[22m[39m shows a generate-draft action for imported text resources [33m 627[2mms[22m[39m
     [33m[2m✓[22m[39m generates, previews, accepts and rejects a draft [33m 753[2mms[22m[39m
 [32m✓[39m src/App.test.tsx [2m([22m[2m9 tests[22m[2m)[22m[33m 2109[2mms[22m[39m
     [33m[2m✓[22m[39m renders the sample workspace and names unavailable capabilities [33m 576[2mms[22m[39m
     [33m[2m✓[22m[39m selects a node and edits its title and note with undo and redo [33m 758[2mms[22m[39m
     [33m[2m✓[22m[39m adds a child and deletes only leaf nodes [33m 380[2mms[22m[39m
 [32m✓[39m src/App.lock.test.tsx [2m([22m[2m6 tests[22m[2m)[22m[33m 2421[2mms[22m[39m
     [33m[2m✓[22m[39m locks a concept's content through the patch gate [33m 982[2mms[22m[39m
     [33m[2m✓[22m[39m rejects editing a content-locked concept before saving [33m 305[2mms[22m[39m
     [33m[2m✓[22m[39m shows a specific message when saving hits a lock [33m 825[2mms[22m[39m
 [32m✓[39m src/App.persist.test.tsx [2m([22m[2m6 tests[22m[2m)[22m[33m 2802[2mms[22m[39m
     [33m[2m✓[22m[39m loads a saved graph from the API on mount [33m 736[2mms[22m[39m
     [33m[2m✓[22m[39m auto-saves edits and shows save status [33m 1041[2mms[22m[39m
     [33m[2m✓[22m[39m shows save failure and keeps the draft [33m 750[2mms[22m[39m

[2m Test Files [22m [1m[32m22 passed[39m[22m[90m (22)[39m
[2m      Tests [22m [1m[32m84 passed[39m[22m[90m (84)[39m
[2m   Start at [22m 21:22:33
[2m   Duration [22m 5.90s[2m (transform 3.86s, setup 11.85s, import 5.64s, tests 29.02s, environment 41.07s)[22m

